# Instalacion Apache Tomcat

-- Instalar version 7

http://www.mkyong.com/tomcat/how-to-install-tomcat-in-ubuntu/

# Instalacion Postgresql

-- Instalar version 9.1

## Crear usuario postgres

$ sudo adduser postgres   // Creo el usuario 
$ sudo passwd postgres    // Le cambio la clave (ej. 54bf1n6)

## Desactivar ssl en postgresql.conf

Comentar "ssl = true" en /etc/postgresql/8.2/main/postgresql.conf

Usar siguiente script para inicializar / detener psql

Script para inicializar: http://ubuntuforums.org/showthread.php?t=869080

## Permitir acceso remoto

https://kb.mediatemple.net/questions/1237/How+do+I+enable+remote+access+to+my+PostgreSQL+server%3F#dv

Una vez configurada, MUY IMPORTANTE, dejar de nuevo en localhost para prevenir accesos remotos! 

### Conectarse remotamente a la base de datos

$ psql -h tix.innova-red.net -p 5432 -U tix_user_db -d tix_db

Ver: http://www.cyberciti.biz/faq/psql-fatal-ident-authentication-failed-for-user/

### Setup.properties para crear la DB remota

#### Redirijo mi puerto 8082 al Postgres corriendo en el servidor

$ ssh -L 8082:localhost:5432 postgres@tix.innova-red.net

Y luego configuro el PGAdmin para que apunte a localhost:8082

Archivo setup.properties:

hibernate.show_sql              = true
hibernate.hbm2ddl.auto          = validate
hibernate.format_sql            = true
hibernate.use_sql_comments      = true
hibernate.dialect=org.hibernate.dialect.PostgreSQLDialect
jdbc.driverClassName=org.postgresql.Driver
jdbc.url=jdbc:postgresql://localhost:5432/tix_db
jdbc.username=tix_user_db
jdbc.password=54bf1n6

## Proceso de Deploy

En la PC local ejecutar "mvn package" sobre el directorio que contiene el POM del proyecto => Generar√° el internetqos.war.

$ scp ./target/internetqos.war pfitba@tix.innova-red.net:.

Luego en la PC remota mover el war al directorio de Tomcat

$ mv ./internetqos.war /var/lib/tomcat7/webapps/.

Reiniciar el Tomcat del servidor para que vuelva a explotar el war:

$ sudo service tomcat7 stop
$ sudo service tomcat7 start